[www.sagdiclar.com/index.html]
[www.google.com/recaptcha/api.js]
[backblue.gif]
[fade.gif]
[index.html]
[www.sagdiclar.com/frontend/image/favicon.png]
[www.sagdiclar.com/frontend/image/title-logo.png]
[www.sagdiclar.com/kurumsal/hakkimizda.html]
[www.sagdiclar.com/kurumsal/markalarimiz.html]
[www.sagdiclar.com/kurumsal/tarihcemiz.html]
[www.sagdiclar.com/kurumsal/sirket-degerlerimiz.html]
[www.sagdiclar.com/kurumsal/yonetim-kurulumuz.html]
[www.sagdiclar.com/grup-sirketlerimiz/sagdiclar-balikcilik.html]
[www.sagdiclar.com/grup-sirketlerimiz/ideal-hipermarketleri.html]
[www.sagdiclar.com/grup-sirketlerimiz/balik-ye.html]
[www.sagdiclar.com/grup-sirketlerimiz/saveas-yazilim.html]
[www.sagdiclar.com/faaliyet-alanlarimiz/e-ticaret.html]
[www.sagdiclar.com/faaliyet-alanlarimiz/balikcilik.html]
[www.sagdiclar.com/faaliyet-alanlarimiz/restoran.html]
[www.sagdiclar.com/faaliyet-alanlarimiz/toptan-perakende.html]
[www.sagdiclar.com/faaliyet-alanlarimiz/gida.html]
[www.sagdiclar.com/faaliyet-alanlarimiz/yazilim.html]
[www.sagdiclar.com/iletisim.html]
[www.sagdiclar.com/set-language/TR]
[www.sagdiclar.com/set-language/EN]
[www.sagdiclar.com/storage/images/sliders/pbalikccedililikp-2023-02-01-141129.jpg]
[www.sagdiclar.com/storage/images/sliders/pgidap-2023-02-01-141230.jpg]
[www.sagdiclar.com/storage/images/sliders/pyazilimp-2023-02-01-141313.jpg]
[www.sagdiclar.com/storage/images/sliders/pe-ticaretp-2023-02-01-141413.jpg]
[www.sagdiclar.com/our-activity-fields/fishery.html]
[www.sagdiclar.com/our-activity-fields/ideal-hipermarkets.html]
[www.sagdiclar.com/our-activity-fields/software.html]
[www.sagdiclar.com/our-activity-fields/e-commerce.html]
[www.sagdiclar.com/frontend/assets/videos/somon-hasadi.mp4]
[www.sagdiclar.com/frontend/assets/js/jquery-3.6.0.min.js]
[www.sagdiclar.com/frontend/assets/js/jquery-migrate-3.4.0.min.js]
[www.sagdiclar.com/frontend/js/bootstrap.min.js]
[www.sagdiclar.com/frontend/assets/glightbox/js/glightbox.min.js]
[www.sagdiclar.com/frontend/assets/js/slick.min.js]
[www.sagdiclar.com/frontend/assets/js/bootstrap-select.min.js]
[www.sagdiclar.com/frontend/assets/js/jquery.flexslider-min.js]
[www.sagdiclar.com/frontend/assets/js/jquery.placeholder.min.js]
[www.sagdiclar.com/frontend/assets/js/wow.min.js]
[www.sagdiclar.com/frontend/assets/js/main.js]
[www.sagdiclar.com/index.html]
[www.sagdiclar.com/frontend/fonts/glyphicons-halflings-regular.eot]
[www.sagdiclar.com/frontend/fonts/glyphicons-halflings-regulard41d.eot]
[www.sagdiclar.com/frontend/fonts/glyphicons-halflings-regular.woff]
[www.sagdiclar.com/frontend/fonts/glyphicons-halflings-regular.ttf]
[www.sagdiclar.com/frontend/css/bootstrap.min.css]
[www.sagdiclar.com/frontend/assets/fonts/fontawesome-webfont3e6e.eot]
[www.sagdiclar.com/frontend/assets/fonts/fontawesome-webfontd41d.eot]
[www.sagdiclar.com/frontend/assets/fonts/fontawesome-webfont3e6e.woff]
[www.sagdiclar.com/frontend/assets/fonts/fontawesome-webfont3e6e.ttf]
[www.sagdiclar.com/frontend/assets/css/font-awesome.min.css]
[www.sagdiclar.com/frontend/assets/glightbox/css/glightbox.css]
[www.sagdiclar.com/frontend/assets/fonts/flexslider-icon.eot]
[www.sagdiclar.com/frontend/assets/fonts/flexslider-icond41d.eot]
[www.sagdiclar.com/frontend/assets/fonts/flexslider-icon.woff]
[www.sagdiclar.com/frontend/assets/fonts/flexslider-icon.ttf]
[www.sagdiclar.com/frontend/assets/css/flexslider.css]
[www.sagdiclar.com/frontend/assets/img/home-parallax.jpg]
[www.sagdiclar.com/frontend/assets/img/slider/1920x600-1.webp]
[www.sagdiclar.com/frontend/assets/img/slider/1920x600-2.webp]
[www.sagdiclar.com/frontend/assets/img/slider/1920x600-3.webp]
[www.sagdiclar.com/frontend/assets/img/hero/3840x1200.webp]
[www.sagdiclar.com/frontend/assets/img/hero/3840x1200-medical.webp]
[www.sagdiclar.com/frontend/assets/img/hero/3840x1200-law.webp]
[www.sagdiclar.com/frontend/assets/img/loading.gif]
[www.sagdiclar.com/frontend/assets/css/main.css]
[www.sagdiclar.com/frontend/assets/css/animate.min.css]
[www.sagdiclar.com/frontend/assets/css/slick.css]
[www.sagdiclar.com/frontend/assets/css/bootstrap-select.min.css]
[www.sagdiclar.com/kurumsal/frontend/image/favicon.png]
[www.sagdiclar.com/set-language/TR]
[www.sagdiclar.com/set-language/EN]
[www.sagdiclar.com/kurumsal/hakkimizda.html]
[www.sagdiclar.com/set-language/TR]
[www.sagdiclar.com/set-language/EN]
[sagdiclar.com/storage/photos/1/logo.jpg]
[sagdiclar.com/storage/photos/1/bando.png]
[sagdiclar.com/storage/photos/1/wo.png]
[www.sagdiclar.com/kurumsal/markalarimiz.html]
[www.sagdiclar.com/set-language/TR.58.delayed]
[www.sagdiclar.com/set-language/EN]
[www.sagdiclar.com/kurumsal/tarihcemiz.html]
[www.sagdiclar.com/set-language/EN]
[www.sagdiclar.com/frontend/image/mission.jpg]
[www.sagdiclar.com/frontend/image/vision.jpg]
[www.sagdiclar.com/frontend/image/values.jpg]
[www.sagdiclar.com/kurumsal/sirket-degerlerimiz.html]
[www.sagdiclar.com/set-language/EN]
[www.sagdiclar.com/frontend/image/vsagdic.jpg]
[www.sagdiclar.com/frontend/image/yasar-sagdic.jpg]
[www.sagdiclar.com/frontend/image/hasan-sagdic.jpg]
[www.sagdiclar.com/frontend/image/huseyin-sagdic.jpg]
[www.sagdiclar.com/frontend/image/veyis-sagdic.jpg]
[www.sagdiclar.com/kurumsal/yonetim-kurulumuz.html]
[www.sagdiclar.com/grup-sirketlerimiz/frontend/image/favicon.66.delayed]
[www.sagdiclar.com/set-language/EN]
[sagdiclar.com/storage/photos/1/logosg.png]
[www.sagdiclar.com/grup-sirketlerimiz/sagdiclar-balikcilik.html]
[www.sagdiclar.com/set-language/EN]
[sagdiclar.com/storage/photos/1/ideal.png]
[www.sagdiclar.com/grup-sirketlerimiz/ideal-hipermarketleri.html]
[www.sagdiclar.com/set-language/EN.70.delayed]
[sagdiclar.com/storage/photos/1/Ekmek Arasi Balik Ye.png]
[www.sagdiclar.com/grup-sirketlerimiz/balik-ye.html]
[sagdiclar.com/storage/photos/1/saveas-logo-new-dortgen (1).png]
[www.sagdiclar.com/grup-sirketlerimiz/saveas-yazilim.html]
[www.sagdiclar.com/faaliyet-alanlarimiz/frontend/image/favicon.png]
[www.sagdiclar.com/storage/photos/1/ideal sanal market.png]
[www.sagdiclar.com/storage/photos/1/sagdiclar-logo-toptan.jpg]
[www.sagdiclar.com/faaliyet-alanlarimiz/e-ticaret.html]
[www.sagdiclar.com/storage/photos/1/balikcilik.jpg]
[www.sagdiclar.com/storage/photos/1/islemekesim.jpg]
[www.sagdiclar.com/faaliyet-alanlarimiz/balikcilik.html]
[sagdiclar.com/storage/photos/1/IMG_2629.png]
[www.sagdiclar.com/faaliyet-alanlarimiz/restoran.html]
[www.sagdiclar.com/faaliyet-alanlarimiz/toptan-perakende.html]
[www.sagdiclar.com/faaliyet-alanlarimiz/gida.html]
[www.sagdiclar.com/faaliyet-alanlarimiz/yazilim.html]
[www.sagdiclar.com/iletisim.html]
[cdnjs.cloudflare.com/ajax/libs/jquery.mask/1.14.10/jquery.mask.js]
[www.sagdiclar.com/our-activity-fields/frontend/image/favicon.8c.delayed]
[www.sagdiclar.com/company/about-us.html]
[www.sagdiclar.com/company/our-brands.html]
[www.sagdiclar.com/company/our-values.html]
[www.sagdiclar.com/company/our-history.html]
[www.sagdiclar.com/our-companies/sagdiclar-fishing.html]
[www.sagdiclar.com/our-companies/ideal-hipermarkets.html]
[www.sagdiclar.com/our-companies/balik-ye-restaurants.html]
[www.sagdiclar.com/our-companies/save-as.html]
[www.sagdiclar.com/our-activity-fields/restaurant.html]
[www.sagdiclar.com/our-activity-fields/wholesaleretail-sale.html]
[www.sagdiclar.com/our-activity-fields/food.html]
[www.sagdiclar.com/our-activity-fields/fishery.html]
[www.sagdiclar.com/our-activity-fields/ideal-hipermarkets.html]
[www.sagdiclar.com/our-activity-fields/software.html]
[www.sagdiclar.com/our-activity-fields/e-commerce.html]
[www.sagdiclar.com/storage/images/reference/sagdiclar-2022-12-30-155302png.html]
[www.sagdiclar.com/storage/images/reference/ideal-2022-12-30-155310png.html]
[www.sagdiclar.com/storage/images/reference/balikye-2022-12-30-155548jpg.html]
[www.sagdiclar.com/storage/images/reference/saveas-2022-12-30-155630png.html]
[www.sagdiclar.com/frontend/fonts/glyphicons-halflings-regular.html]
[www.sagdiclar.com/frontend/fonts/glyphicons-halflings-regular.svg]
[www.sagdiclar.com/frontend/assets/fonts/fontawesome-webfont3e6e.html]
[www.sagdiclar.com/frontend/assets/fonts/fontawesome-webfont3e6e.svg]
[www.sagdiclar.com/frontend/assets/fonts/flexslider-icon.svg]
[www.sagdiclar.com/kurumsal/frontend/image/favicon.html]
[www.sagdiclar.com/grup-sirketlerimiz/frontend/image/favicon.html]
[www.sagdiclar.com/faaliyet-alanlarimiz/frontend/image/favicon.html]
[www.sagdiclar.com/our-activity-fields/frontend/image/favicon.html]
[www.sagdiclar.com/company/frontend/image/favicon.png]
[www.sagdiclar.com/company/about-us.html]
[www.sagdiclar.com/company/our-brands.html]
[www.sagdiclar.com/company/our-values.html]
[www.sagdiclar.com/company/our-history.html]
[www.sagdiclar.com/our-companies/frontend/image/favicon.png]
[www.sagdiclar.com/our-companies/sagdiclar-fishing.html]
[www.sagdiclar.com/our-companies/ideal-hipermarkets.html]
[www.sagdiclar.com/our-companies/balik-ye-restaurants.html]
[www.sagdiclar.com/our-companies/save-as.html]
[www.sagdiclar.com/our-activity-fields/restaurant.html]
[www.sagdiclar.com/our-activity-fields/wholesaleretail-sale.html]
[www.sagdiclar.com/our-activity-fields/food.html]
[www.sagdiclar.com/company/frontend/image/favicon.html]
[www.sagdiclar.com/our-companies/frontend/image/favicon.html]
